 secbulk

 Timestamp is 40920f67 (Fri Apr 30 16:33:43 2004)

 Preferred load address is 00010000

 Start         Length     Name                   Class
 0001:00000000 000019aeH .text                   CODE
 0002:00000000 00000094H .idata$5                DATA
 0002:00000098 00000070H .rdata                  DATA
 0003:00000000 0000003cH .idata$2                CODE
 0003:0000003c 00000014H .idata$3                CODE
 0003:00000050 00000094H .idata$4                CODE
 0003:000000e4 000002f6H .idata$6                CODE
 0004:00000000 00000058H .rsrc$01                DATA
 0004:00000060 00000360H .rsrc$02                DATA

  Address         Publics by Value              Rva+Base     Lib:Object

 0001:00000000       _DriverEntry@8             000102a0 f   bulkusb.obj
 0001:0000005c       _BulkUsb_ProcessSysControlIrp@8 000102fc f   bulkusb.obj
 0001:000000ae       _BulkUsb_Unload@4          0001034e f   bulkusb.obj
 0001:000000b2       _BulkUsb_SymbolicLink@8    00010352 f   bulkusb.obj
 0001:000000da       _BulkUsb_CreateDeviceObject@12 0001037a f   bulkusb.obj
 0001:000001a8       _BulkUsb_CallUSBD@8        00010448 f   bulkusb.obj
 0001:00000222       _BulkUsb_ConfigureDevice@4 000104c2 f   bulkusb.obj
 0001:000002da       _BulkUsb_SelectInterface@8 0001057a f   bulkusb.obj
 0001:00000406       _BulkUsb_ResetPipe@8       000106a6 f   bulkusb.obj
 0001:00000454       _BulkUsb_DecrementIoCount@4 000106f4 f   bulkusb.obj
 0001:000004be       _BulkUsb_IncrementIoCount@4 0001075e f   bulkusb.obj
 0001:000004f4       _BulkUsb_ProcessPnPIrp@8   00010794 f   sbulkpnp.obj
 0001:000007a2       _BulkUsb_PnPAddDevice@8    00010a42 f   sbulkpnp.obj
 0001:00000840       _BulkUsb_StartDevice@4     00010ae0 f   sbulkpnp.obj
 0001:000008fa       _BulkUsb_RemoveDevice@4    00010b9a f   sbulkpnp.obj
 0001:0000098e       _BulkUsb_StopDevice@4      00010c2e f   sbulkpnp.obj
 0001:000009ec       _BulkUsb_IrpCompletionRoutine@12 00010c8c f   sbulkpnp.obj
 0001:00000a02       _BulkUsb_ProcessPowerIrp@8 00010ca2 f   bulkpwr.obj
 0001:00000bde       _BulkUsb_PoRequestCompletion@20 00010e7e f   bulkpwr.obj
 0001:00000c32       _BulkUsb_PowerIrp_Complete@12 00010ed2 f   bulkpwr.obj
 0001:00000c62       _BulkUsb_SelfSuspendOrActivate@8 00010f02 f   bulkpwr.obj
 0001:00000cce       _BulkUsb_SelfRequestPowerIrp@8 00010f6e f   bulkpwr.obj
 0001:00000d38       _BulkUsb_PoSelfRequestCompletion@20 00010fd8 f   bulkpwr.obj
 0001:00000d70       _BulkUsb_SetDevicePowerState@8 00011010 f   bulkpwr.obj
 0001:00000d9e       _BulkUsb_QueryCapabilities@8 0001103e f   bulkpwr.obj
 0001:00000e5e       _BulkUsb_ProcessIOCTL@8    000110fe f   ioctlblk.obj
 0001:00000f32       _BulkUsb_ResetDevice@4     000111d2 f   ioctlblk.obj
 0001:00000f5e       _BulkUsb_GetPortStatus@8   000111fe f   ioctlblk.obj
 0001:00000fd0       _BulkUsb_ResetParentPort@4 00011270 f   ioctlblk.obj
 0001:00001036       _BulkUsb_SingleUrbReadWrite@12 000112d6 f   ocrwblk.obj
 0001:000011ab       _BulkUsb_StagedReadWrite@12 0001144b f   ocrwblk.obj
 0001:00001518       _BulkUsb_BuildAsyncRequest@16 000117b8 f   ocrwblk.obj
 0001:00001582       _BulkUsb_AsyncReadWrite_Complete@12 00011822 f   ocrwblk.obj
 0001:00001646       _BulkUsb_SimpleReadWrite_Complete@12 000118e6 f   ocrwblk.obj
 0001:00001694       _BulkUsb_Read@8            00011934 f   ocrwblk.obj
 0001:000016a6       _BulkUsb_Write@8           00011946 f   ocrwblk.obj
 0001:000016b8       _BulkUsb_PipeWithName@8    00011958 f   ocrwblk.obj
 0001:0000173a       _BulkUsb_Close@8           000119da f   ocrwblk.obj
 0001:0000179e       _BulkUsb_Create@8          00011a3e f   ocrwblk.obj
 0001:0000186e       _BulkUsb_CancelPendingIo@4 00011b0e f   ocrwblk.obj
 0001:000018d2       _BulkUsb_AbortPipes@4      00011b72 f   ocrwblk.obj
 0001:0000197a       _BulkUsb_CanAcceptIoRequests@4 00011c1a f   ocrwblk.obj
 0001:000019a8       _DbgPrint                  00011c48 f   wdm:NTOSKRNL.EXE
 0002:00000000       __imp_@KfAcquireSpinLock@4 00011c60     wdm:HAL.DLL
 0002:00000004       __imp_@KfReleaseSpinLock@8 00011c64     wdm:HAL.DLL
 0002:00000008       \177HAL_NULL_THUNK_DATA    00011c68     wdm:HAL.DLL
 0002:0000000c       __imp__KeInitializeSpinLock@4 00011c6c     wdm:NTOSKRNL.EXE
 0002:00000010       __imp__RtlFreeUnicodeString@4 00011c70     wdm:NTOSKRNL.EXE
 0002:00000014       __imp__IoCreateDevice@28   00011c74     wdm:NTOSKRNL.EXE
 0002:00000018       __imp__IoRegisterDeviceInterface@16 00011c78     wdm:NTOSKRNL.EXE
 0002:0000001c       __imp__IoSetDeviceInterfaceState@8 00011c7c     wdm:NTOSKRNL.EXE
 0002:00000020       __imp__KeInitializeEvent@12 00011c80     wdm:NTOSKRNL.EXE
 0002:00000024       __imp__ExFreePool@4        00011c84     wdm:NTOSKRNL.EXE
 0002:00000028       __imp__ExAllocatePoolWithTag@12 00011c88     wdm:NTOSKRNL.EXE
 0002:0000002c       __imp__KeWaitForSingleObject@20 00011c8c     wdm:NTOSKRNL.EXE
 0002:00000030       __imp__KeSetEvent@12       00011c90     wdm:NTOSKRNL.EXE
 0002:00000034       __imp_@InterlockedDecrement@4 00011c94     wdm:NTOSKRNL.EXE
 0002:00000038       __imp__IoBuildDeviceIoControlRequest@36 00011c98     wdm:NTOSKRNL.EXE
 0002:0000003c       __imp_@InterlockedIncrement@4 00011c9c     wdm:NTOSKRNL.EXE
 0002:00000040       __imp_@IofCompleteRequest@8 00011ca0     wdm:NTOSKRNL.EXE
 0002:00000044       __imp__IoDeleteDevice@4    00011ca4     wdm:NTOSKRNL.EXE
 0002:00000048       __imp_@IofCallDriver@8     00011ca8     wdm:NTOSKRNL.EXE
 0002:0000004c       __imp__IoAttachDeviceToDeviceStack@8 00011cac     wdm:NTOSKRNL.EXE
 0002:00000050       __imp__RtlInitUnicodeString@8 00011cb0     wdm:NTOSKRNL.EXE
 0002:00000054       __imp__PoRequestPowerIrp@24 00011cb4     wdm:NTOSKRNL.EXE
 0002:00000058       __imp__PoCallDriver@8      00011cb8     wdm:NTOSKRNL.EXE
 0002:0000005c       __imp__PoStartNextPowerIrp@4 00011cbc     wdm:NTOSKRNL.EXE
 0002:00000060       __imp__IoFreeIrp@4         00011cc0     wdm:NTOSKRNL.EXE
 0002:00000064       __imp__IoAllocateIrp@8     00011cc4     wdm:NTOSKRNL.EXE
 0002:00000068       __imp__IoBuildPartialMdl@16 00011cc8     wdm:NTOSKRNL.EXE
 0002:0000006c       __imp__IoAllocateMdl@20    00011ccc     wdm:NTOSKRNL.EXE
 0002:00000070       __imp__DbgPrint            00011cd0     wdm:NTOSKRNL.EXE
 0002:00000074       __imp__IoFreeMdl@4         00011cd4     wdm:NTOSKRNL.EXE
 0002:00000078       __imp__IoCancelIrp@4       00011cd8     wdm:NTOSKRNL.EXE
 0002:0000007c       __imp__IoDetachDevice@4    00011cdc     wdm:NTOSKRNL.EXE
 0002:00000080       \177NTOSKRNL_NULL_THUNK_DATA 00011ce0     wdm:NTOSKRNL.EXE
 0002:00000084       __imp__USBD_CreateConfigurationRequest@8 00011ce4     usbd:USBD.SYS
 0002:00000088       __imp__USBD_GetUSBDIVersion@4 00011ce8     usbd:USBD.SYS
 0002:0000008c       __imp__USBD_ParseConfigurationDescriptorEx@28 00011cec     usbd:USBD.SYS
 0002:00000090       \177USBD_NULL_THUNK_DATA   00011cf0     usbd:USBD.SYS
 0002:000000f8       _GUID_CLASS_I82930_BULK    00011d58     bulkusb.obj
 0003:00000000       __IMPORT_DESCRIPTOR_NTOSKRNL 00011d80     wdm:NTOSKRNL.EXE
 0003:00000014       __IMPORT_DESCRIPTOR_HAL    00011d94     wdm:HAL.DLL
 0003:00000028       __IMPORT_DESCRIPTOR_USBD   00011da8     usbd:USBD.SYS
 0003:0000003c       __NULL_IMPORT_DESCRIPTOR   00011dbc     wdm:NTOSKRNL.EXE

 entry point at        0001:00000000

 Static symbols

